Instructions for interpreting errors
---------

Each error has an associated identifier, like `argument.type`
or `return.missing`.

Each error identifier has documentation at URL https://phpstan.org/error-identifiers/<identifier>
This page contains code example, explanation why is this an error
and instruction how to fix it.
Before fixing the error, fetch the documentation page for its identifier.

The error usually indicates a real bug or incorrect type in the code. Fix the underlying cause, do not just make the error go away.
Do not add `@phpstan-ignore` comments, `@phpstan-ignore-next-line` comments, or baseline entries to suppress the error.
Do not use assert() or inline @var PHPDoc tag to override PHPStan's inferred type.
Do not add type casts just to silence errors.
Do not widen parameter or return types just to make the error go away.
/Users/gunnarbecker/VS_CODE/yoga_sabrina_becker/modules/Verwaltung/tests/Feature/F3_S2_AnmeldungStornierenTest.php:36:Parameter $activityId of class Yoga\Modules\Verwaltung\Application\Registration\RegisterParticipant\Request constructor expects string, Pest\PendingCalls\TestCall given. [identifier=argument.type]
/Users/gunnarbecker/VS_CODE/yoga_sabrina_becker/modules/Verwaltung/tests/Feature/F3_S2_AnmeldungStornierenTest.php:52:Cannot access property $status on Yoga\Modules\Verwaltung\Domain\Registration\Registration|null. [identifier=property.nonObject]
/Users/gunnarbecker/VS_CODE/yoga_sabrina_becker/modules/Verwaltung/tests/Feature/F3_S2_AnmeldungStornierenTest.php:62:Offset 'code' might not exist on array{code: string, errors: list<string>}|null. [identifier=offsetAccess.notFound]
/Users/gunnarbecker/VS_CODE/yoga_sabrina_becker/modules/Verwaltung/tests/Feature/F3_S2_AnmeldungStornierenTest.php:69:Parameter $activityId of class Yoga\Modules\Verwaltung\Application\Registration\RegisterParticipant\Request constructor expects string, Pest\PendingCalls\TestCall given. [identifier=argument.type]
/Users/gunnarbecker/VS_CODE/yoga_sabrina_becker/modules/Verwaltung/tests/Feature/F3_S2_AnmeldungStornierenTest.php:79:Offset 'code' might not exist on array{code: string, errors: list<string>}|null. [identifier=offsetAccess.notFound]
/Users/gunnarbecker/VS_CODE/yoga_sabrina_becker/modules/Verwaltung/tests/Feature/F3_S2_AnmeldungStornierenTest.php:89:Parameter $activityId of class Yoga\Modules\Verwaltung\Application\Registration\RegisterParticipant\Request constructor expects string, Pest\PendingCalls\TestCall given. [identifier=argument.type]
/Users/gunnarbecker/VS_CODE/yoga_sabrina_becker/modules/Verwaltung/tests/Feature/F3_S2_AnmeldungStornierenTest.php:94:Parameter $activityId of class Yoga\Modules\Verwaltung\Application\Registration\RegisterParticipant\Request constructor expects string, Pest\PendingCalls\TestCall given. [identifier=argument.type]
/Users/gunnarbecker/VS_CODE/yoga_sabrina_becker/modules/Verwaltung/tests/Feature/F3_S2_AnmeldungStornierenTest.php:99:Parameter $activityId of class Yoga\Modules\Verwaltung\Application\Registration\RegisterParticipant\Request constructor expects string, Pest\PendingCalls\TestCall given. [identifier=argument.type]
/Users/gunnarbecker/VS_CODE/yoga_sabrina_becker/modules/Verwaltung/tests/Feature/F3_S2_AnmeldungStornierenTest.php:111:Cannot access property $status on Yoga\Modules\Verwaltung\Domain\Registration\Registration|null. [identifier=property.nonObject]
/Users/gunnarbecker/VS_CODE/yoga_sabrina_becker/modules/Verwaltung/tests/Feature/F3_S2_AnmeldungStornierenTest.php:113:Cannot access property $id on Yoga\Modules\Verwaltung\Domain\Registration\Registration|null. [identifier=property.nonObject]
/Users/gunnarbecker/VS_CODE/yoga_sabrina_becker/modules/Verwaltung/tests/Feature/F3_S2_AnmeldungStornierenTest.php:115:Cannot access property $nachgerueckt_am on Yoga\Modules\Verwaltung\Domain\WaitingList\WaitingList|null. [identifier=property.nonObject]
/Users/gunnarbecker/VS_CODE/yoga_sabrina_becker/modules/Verwaltung/tests/Feature/F3_S2_AnmeldungStornierenTest.php:125:Parameter $activityId of class Yoga\Modules\Verwaltung\Application\Registration\RegisterParticipant\Request constructor expects string, Pest\PendingCalls\TestCall given. [identifier=argument.type]
/Users/gunnarbecker/VS_CODE/yoga_sabrina_becker/modules/Verwaltung/tests/Feature/F3_S2_AnmeldungStornierenTest.php:130:Parameter $activityId of class Yoga\Modules\Verwaltung\Application\Registration\RegisterParticipant\Request constructor expects string, Pest\PendingCalls\TestCall given. [identifier=argument.type]
/Users/gunnarbecker/VS_CODE/yoga_sabrina_becker/modules/Verwaltung/tests/Feature/F3_S2_AnmeldungStornierenTest.php:135:Parameter $activityId of class Yoga\Modules\Verwaltung\Application\Registration\RegisterParticipant\Request constructor expects string, Pest\PendingCalls\TestCall given. [identifier=argument.type]
/Users/gunnarbecker/VS_CODE/yoga_sabrina_becker/modules/Verwaltung/tests/Feature/F3_S2_AnmeldungStornierenTest.php:148:Cannot access property $status on Yoga\Modules\Verwaltung\Domain\Registration\Registration|null. [identifier=property.nonObject]
/Users/gunnarbecker/VS_CODE/yoga_sabrina_becker/modules/Verwaltung/tests/Feature/F3_S3_WartelisteVerwaltenTest.php:39:Parameter $activityId of class Yoga\Modules\Verwaltung\Application\Registration\RegisterParticipant\Request constructor expects string, Pest\PendingCalls\TestCall given. [identifier=argument.type]
/Users/gunnarbecker/VS_CODE/yoga_sabrina_becker/modules/Verwaltung/tests/Feature/F3_S3_WartelisteVerwaltenTest.php:44:Parameter $activityId of class Yoga\Modules\Verwaltung\Application\Registration\RegisterParticipant\Request constructor expects string, Pest\PendingCalls\TestCall given. [identifier=argument.type]
/Users/gunnarbecker/VS_CODE/yoga_sabrina_becker/modules/Verwaltung/tests/Feature/F3_S3_WartelisteVerwaltenTest.php:49:Parameter $activityId of class Yoga\Modules\Verwaltung\Application\Registration\RegisterParticipant\Request constructor expects string, Pest\PendingCalls\TestCall given. [identifier=argument.type]
/Users/gunnarbecker/VS_CODE/yoga_sabrina_becker/modules/Verwaltung/tests/Feature/F3_S3_WartelisteVerwaltenTest.php:59:Cannot access property $status on Yoga\Modules\Verwaltung\Domain\Registration\Registration|null. [identifier=property.nonObject]
/Users/gunnarbecker/VS_CODE/yoga_sabrina_becker/modules/Verwaltung/tests/Feature/F3_S3_WartelisteVerwaltenTest.php:61:Cannot access property $id on Yoga\Modules\Verwaltung\Domain\Registration\Registration|null. [identifier=property.nonObject]
/Users/gunnarbecker/VS_CODE/yoga_sabrina_becker/modules/Verwaltung/tests/Feature/F3_S3_WartelisteVerwaltenTest.php:63:Cannot access property $rang on Yoga\Modules\Verwaltung\Domain\WaitingList\WaitingList|null. [identifier=property.nonObject]
/Users/gunnarbecker/VS_CODE/yoga_sabrina_becker/modules/Verwaltung/tests/Feature/F3_S3_WartelisteVerwaltenTest.php:74:Parameter $activityId of class Yoga\Modules\Verwaltung\Application\Registration\RegisterParticipant\Request constructor expects string, Pest\PendingCalls\TestCall given. [identifier=argument.type]
/Users/gunnarbecker/VS_CODE/yoga_sabrina_becker/modules/Verwaltung/tests/Feature/F3_S3_WartelisteVerwaltenTest.php:79:Parameter $activityId of class Yoga\Modules\Verwaltung\Application\Registration\RegisterParticipant\Request constructor expects string, Pest\PendingCalls\TestCall given. [identifier=argument.type]
/Users/gunnarbecker/VS_CODE/yoga_sabrina_becker/modules/Verwaltung/tests/Feature/F3_S3_WartelisteVerwaltenTest.php:85:Parameter $activityId of class Yoga\Modules\Verwaltung\Application\Registration\RegisterParticipant\Request constructor expects string, Pest\PendingCalls\TestCall given. [identifier=argument.type]
/Users/gunnarbecker/VS_CODE/yoga_sabrina_becker/modules/Verwaltung/tests/Feature/F3_S3_WartelisteVerwaltenTest.php:90:Parameter $activityId of class Yoga\Modules\Verwaltung\Application\Registration\RegisterParticipant\Request constructor expects string, Pest\PendingCalls\TestCall given. [identifier=argument.type]
/Users/gunnarbecker/VS_CODE/yoga_sabrina_becker/modules/Verwaltung/tests/Feature/F3_S3_WartelisteVerwaltenTest.php:95:Cannot access property $id on Yoga\Modules\Verwaltung\Domain\Registration\Registration|null. [identifier=property.nonObject]
/Users/gunnarbecker/VS_CODE/yoga_sabrina_becker/modules/Verwaltung/tests/Feature/F3_S3_WartelisteVerwaltenTest.php:96:Cannot access property $id on Yoga\Modules\Verwaltung\Domain\Registration\Registration|null. [identifier=property.nonObject]
/Users/gunnarbecker/VS_CODE/yoga_sabrina_becker/modules/Verwaltung/tests/Feature/F3_S3_WartelisteVerwaltenTest.php:98:Cannot access property $rang on Yoga\Modules\Verwaltung\Domain\WaitingList\WaitingList|null. [identifier=property.nonObject]
/Users/gunnarbecker/VS_CODE/yoga_sabrina_becker/modules/Verwaltung/tests/Feature/F3_S3_WartelisteVerwaltenTest.php:99:Cannot access property $rang on Yoga\Modules\Verwaltung\Domain\WaitingList\WaitingList|null. [identifier=property.nonObject]
/Users/gunnarbecker/VS_CODE/yoga_sabrina_becker/modules/Verwaltung/tests/Feature/F4_S1_ZahlungenErfassenTest.php:47:Parameter $activityId of class Yoga\Modules\Verwaltung\Application\Registration\RegisterParticipant\Request constructor expects string, Pest\PendingCalls\TestCall given. [identifier=argument.type]
/Users/gunnarbecker/VS_CODE/yoga_sabrina_becker/modules/Verwaltung/tests/Feature/F4_S1_ZahlungenErfassenTest.php:66:Cannot access property $methode on Yoga\Modules\Verwaltung\Domain\Payment\Payment|null. [identifier=property.nonObject]
/Users/gunnarbecker/VS_CODE/yoga_sabrina_becker/modules/Verwaltung/tests/Feature/F4_S1_ZahlungenErfassenTest.php:67:Cannot access property $betrag on Yoga\Modules\Verwaltung\Domain\Payment\Payment|null. [identifier=property.nonObject]
/Users/gunnarbecker/VS_CODE/yoga_sabrina_becker/modules/Verwaltung/tests/Feature/F4_S1_ZahlungenErfassenTest.php:71:Cannot access property $empfaenger on Yoga\Modules\Verwaltung\Domain\CashReceipt\CashReceipt|null. [identifier=property.nonObject]
/Users/gunnarbecker/VS_CODE/yoga_sabrina_becker/modules/Verwaltung/tests/Feature/F4_S1_ZahlungenErfassenTest.php:75:Cannot access property $zahlungsstatus on Yoga\Modules\Verwaltung\Domain\Registration\Registration|null. [identifier=property.nonObject]
/Users/gunnarbecker/VS_CODE/yoga_sabrina_becker/modules/Verwaltung/tests/Feature/F4_S1_ZahlungenErfassenTest.php:82:Parameter $activityId of class Yoga\Modules\Verwaltung\Application\Registration\RegisterParticipant\Request constructor expects string, Pest\PendingCalls\TestCall given. [identifier=argument.type]
/Users/gunnarbecker/VS_CODE/yoga_sabrina_becker/modules/Verwaltung/tests/Feature/F4_S1_ZahlungenErfassenTest.php:91:Cannot access property $zahlungsstatus on Yoga\Modules\Verwaltung\Domain\Registration\Registration|null. [identifier=property.nonObject]
/Users/gunnarbecker/VS_CODE/yoga_sabrina_becker/modules/Verwaltung/tests/Feature/F4_S1_ZahlungenErfassenTest.php:95:Cannot access property $methode on Yoga\Modules\Verwaltung\Domain\Payment\Payment|null. [identifier=property.nonObject]
/Users/gunnarbecker/VS_CODE/yoga_sabrina_becker/modules/Verwaltung/tests/Feature/F4_S1_ZahlungenErfassenTest.php:96:Cannot access property $bezahlt_am on Yoga\Modules\Verwaltung\Domain\Payment\Payment|null. [identifier=property.nonObject]
/Users/gunnarbecker/VS_CODE/yoga_sabrina_becker/modules/Verwaltung/tests/Feature/F4_S1_ZahlungenErfassenTest.php:100:Cannot access property $empfaenger on Yoga\Modules\Verwaltung\Domain\Invoice\Invoice|null. [identifier=property.nonObject]
/Users/gunnarbecker/VS_CODE/yoga_sabrina_becker/modules/Verwaltung/tests/Feature/F4_S1_ZahlungenErfassenTest.php:101:Cannot access property $betrag on Yoga\Modules\Verwaltung\Domain\Invoice\Invoice|null. [identifier=property.nonObject]
/Users/gunnarbecker/VS_CODE/yoga_sabrina_becker/modules/Verwaltung/tests/Feature/F4_S1_ZahlungenErfassenTest.php:102:Cannot access property $id on Yoga\Modules\Verwaltung\Domain\Payment\Payment|null. [identifier=property.nonObject]
/Users/gunnarbecker/VS_CODE/yoga_sabrina_becker/modules/Verwaltung/tests/Feature/F4_S1_ZahlungenErfassenTest.php:102:Cannot access property $zahlung_id on Yoga\Modules\Verwaltung\Domain\Invoice\Invoice|null. [identifier=property.nonObject]
/Users/gunnarbecker/VS_CODE/yoga_sabrina_becker/modules/Verwaltung/tests/Feature/F4_S1_ZahlungenErfassenTest.php:111:Parameter $activityId of class Yoga\Modules\Verwaltung\Application\Registration\RegisterParticipant\Request constructor expects string, Pest\PendingCalls\TestCall given. [identifier=argument.type]
/Users/gunnarbecker/VS_CODE/yoga_sabrina_becker/modules/Verwaltung/tests/Feature/F4_S1_ZahlungenErfassenTest.php:116:Parameter $activityId of class Yoga\Modules\Verwaltung\Application\Registration\RegisterParticipant\Request constructor expects string, Pest\PendingCalls\TestCall given. [identifier=argument.type]
/Users/gunnarbecker/VS_CODE/yoga_sabrina_becker/modules/Verwaltung/tests/Feature/F4_S1_ZahlungenErfassenTest.php:153:Offset 'code' might not exist on array{code: string, errors: list<string>}|null. [identifier=offsetAccess.notFound]
/Users/gunnarbecker/VS_CODE/yoga_sabrina_becker/modules/Verwaltung/tests/Feature/F4_S1_ZahlungenErfassenTest.php:160:Parameter $activityId of class Yoga\Modules\Verwaltung\Application\Registration\RegisterParticipant\Request constructor expects string, Pest\PendingCalls\TestCall given. [identifier=argument.type]
/Users/gunnarbecker/VS_CODE/yoga_sabrina_becker/modules/Verwaltung/tests/Feature/F4_S1_ZahlungenErfassenTest.php:183:Offset 'code' might not exist on array{code: string, errors: list<string>}|null. [identifier=offsetAccess.notFound]
/Users/gunnarbecker/VS_CODE/yoga_sabrina_becker/modules/Verwaltung/tests/Feature/F4_S1_ZahlungenErfassenTest.php:190:Parameter $activityId of class Yoga\Modules\Verwaltung\Application\Registration\RegisterParticipant\Request constructor expects string, Pest\PendingCalls\TestCall given. [identifier=argument.type]
/Users/gunnarbecker/VS_CODE/yoga_sabrina_becker/modules/Verwaltung/tests/Feature/F4_S1_ZahlungenErfassenTest.php:205:Offset 'code' might not exist on array{code: string, errors: list<string>}|null. [identifier=offsetAccess.notFound]
/Users/gunnarbecker/VS_CODE/yoga_sabrina_becker/modules/Verwaltung/tests/Feature/F4_S2_RechnungenVerwaltenTest.php:38:Call to an undefined method Pest\Expectation<string|null>::toBeUuidString(). [identifier=method.notFound]
/Users/gunnarbecker/VS_CODE/yoga_sabrina_becker/modules/Verwaltung/tests/Feature/F4_S2_RechnungenVerwaltenTest.php:44:Parameter #1 $invoiceId of class Yoga\Modules\Verwaltung\Application\Invoice\GenerateInvoicePdf\Request constructor expects string, Pest\PendingCalls\TestCall given. [identifier=argument.type]
/Users/gunnarbecker/VS_CODE/yoga_sabrina_becker/modules/Verwaltung/tests/Feature/F4_S2_RechnungenVerwaltenTest.php:56:Parameter $invoiceId of class Yoga\Modules\Verwaltung\Application\Invoice\SendInvoice\Request constructor expects string, Pest\PendingCalls\TestCall given. [identifier=argument.type]
/Users/gunnarbecker/VS_CODE/yoga_sabrina_becker/modules/Verwaltung/tests/Feature/F4_S2_RechnungenVerwaltenTest.php:65:Cannot access property $empfaenger on Yoga\Modules\Verwaltung\Domain\OutboundMessage\OutboundMessage|null. [identifier=property.nonObject]
/Users/gunnarbecker/VS_CODE/yoga_sabrina_becker/modules/Verwaltung/tests/Feature/F4_S2_RechnungenVerwaltenTest.php:66:Cannot access property $betreff on Yoga\Modules\Verwaltung\Domain\OutboundMessage\OutboundMessage|null. [identifier=property.nonObject]
/Users/gunnarbecker/VS_CODE/yoga_sabrina_becker/modules/Verwaltung/tests/Feature/F4_S2_RechnungenVerwaltenTest.php:67:Cannot access property $status on Yoga\Modules\Verwaltung\Domain\OutboundMessage\OutboundMessage|null. [identifier=property.nonObject]
/Users/gunnarbecker/VS_CODE/yoga_sabrina_becker/modules/Verwaltung/tests/Feature/F4_S3_StornierungenMitBelegenErfassenTest.php:52:Parameter $activityId of class Yoga\Modules\Verwaltung\Application\Registration\RegisterParticipant\Request constructor expects string, Pest\PendingCalls\TestCall given. [identifier=argument.type]
/Users/gunnarbecker/VS_CODE/yoga_sabrina_becker/modules/Verwaltung/tests/Feature/F4_S3_StornierungenMitBelegenErfassenTest.php:58:Cannot access property $id on Yoga\Modules\Verwaltung\Domain\Payment\Payment|null. [identifier=property.nonObject]
/Users/gunnarbecker/VS_CODE/yoga_sabrina_becker/modules/Verwaltung/tests/Feature/F4_S3_StornierungenMitBelegenErfassenTest.php:61:Cannot access property $id on Yoga\Modules\Verwaltung\Domain\Invoice\Invoice|null. [identifier=property.nonObject]
/Users/gunnarbecker/VS_CODE/yoga_sabrina_becker/modules/Verwaltung/tests/Feature/F4_S3_StornierungenMitBelegenErfassenTest.php:72:Cannot access property $empfaenger on Yoga\Modules\Verwaltung\Domain\CreditNote\CreditNote|null. [identifier=property.nonObject]
/Users/gunnarbecker/VS_CODE/yoga_sabrina_becker/modules/Verwaltung/tests/Feature/F4_S3_StornierungenMitBelegenErfassenTest.php:73:Cannot access property $id on Yoga\Modules\Verwaltung\Domain\Invoice\Invoice|null. [identifier=property.nonObject]
/Users/gunnarbecker/VS_CODE/yoga_sabrina_becker/modules/Verwaltung/tests/Feature/F4_S3_StornierungenMitBelegenErfassenTest.php:73:Cannot access property $rechnung_id on Yoga\Modules\Verwaltung\Domain\CreditNote\CreditNote|null. [identifier=property.nonObject]
/Users/gunnarbecker/VS_CODE/yoga_sabrina_becker/modules/Verwaltung/tests/Feature/F4_S3_StornierungenMitBelegenErfassenTest.php:77:Cannot access property $status on Yoga\Modules\Verwaltung\Domain\Registration\Registration|null. [identifier=property.nonObject]
/Users/gunnarbecker/VS_CODE/yoga_sabrina_becker/modules/Verwaltung/tests/Feature/F4_S3_StornierungenMitBelegenErfassenTest.php:84:Parameter $activityId of class Yoga\Modules\Verwaltung\Application\Registration\RegisterParticipant\Request constructor expects string, Pest\PendingCalls\TestCall given. [identifier=argument.type]
/Users/gunnarbecker/VS_CODE/yoga_sabrina_becker/modules/Verwaltung/tests/Feature/F4_S3_StornierungenMitBelegenErfassenTest.php:99:Cannot access property $id on Yoga\Modules\Verwaltung\Domain\Payment\Payment|null. [identifier=property.nonObject]
/Users/gunnarbecker/VS_CODE/yoga_sabrina_becker/modules/Verwaltung/tests/Feature/F4_S3_StornierungenMitBelegenErfassenTest.php:110:Cannot access property $empfaenger on Yoga\Modules\Verwaltung\Domain\CashReturn\CashReturn|null. [identifier=property.nonObject]
/Users/gunnarbecker/VS_CODE/yoga_sabrina_becker/modules/Verwaltung/tests/Feature/F4_S3_StornierungenMitBelegenErfassenTest.php:111:Cannot access property $bareinnahmenbeleg_id on Yoga\Modules\Verwaltung\Domain\CashReturn\CashReturn|null. [identifier=property.nonObject]
/Users/gunnarbecker/VS_CODE/yoga_sabrina_becker/modules/Verwaltung/tests/Feature/F4_S3_StornierungenMitBelegenErfassenTest.php:111:Cannot access property $id on Yoga\Modules\Verwaltung\Domain\CashReceipt\CashReceipt|null. [identifier=property.nonObject]
/Users/gunnarbecker/VS_CODE/yoga_sabrina_becker/modules/Verwaltung/tests/Feature/F4_S3_StornierungenMitBelegenErfassenTest.php:118:Parameter $activityId of class Yoga\Modules\Verwaltung\Application\Registration\RegisterParticipant\Request constructor expects string, Pest\PendingCalls\TestCall given. [identifier=argument.type]
/Users/gunnarbecker/VS_CODE/yoga_sabrina_becker/modules/Verwaltung/tests/Feature/F4_S3_StornierungenMitBelegenErfassenTest.php:140:Parameter $activityId of class Yoga\Modules\Verwaltung\Application\Registration\RegisterParticipant\Request constructor expects string, Pest\PendingCalls\TestCall given. [identifier=argument.type]
/Users/gunnarbecker/VS_CODE/yoga_sabrina_becker/modules/Verwaltung/tests/Feature/F4_S3_StornierungenMitBelegenErfassenTest.php:145:Parameter $activityId of class Yoga\Modules\Verwaltung\Application\Registration\RegisterParticipant\Request constructor expects string, Pest\PendingCalls\TestCall given. [identifier=argument.type]
/Users/gunnarbecker/VS_CODE/yoga_sabrina_becker/modules/Verwaltung/tests/Feature/F4_S3_StornierungenMitBelegenErfassenTest.php:151:Cannot access property $id on Yoga\Modules\Verwaltung\Domain\Payment\Payment|null. [identifier=property.nonObject]
/Users/gunnarbecker/VS_CODE/yoga_sabrina_becker/modules/Verwaltung/tests/Feature/F4_S3_StornierungenMitBelegenErfassenTest.php:153:Cannot access property $id on Yoga\Modules\Verwaltung\Domain\Payment\Payment|null. [identifier=property.nonObject]
/Users/gunnarbecker/VS_CODE/yoga_sabrina_becker/modules/Verwaltung/tests/Feature/F4_S3_StornierungenMitBelegenErfassenTest.php:156:Cannot access property $id on Yoga\Modules\Verwaltung\Domain\Invoice\Invoice|null. [identifier=property.nonObject]
/Users/gunnarbecker/VS_CODE/yoga_sabrina_becker/modules/Verwaltung/tests/Feature/F4_S3_StornierungenMitBelegenErfassenTest.php:157:Cannot access property $id on Yoga\Modules\Verwaltung\Domain\Invoice\Invoice|null. [identifier=property.nonObject]
/Users/gunnarbecker/VS_CODE/yoga_sabrina_becker/modules/Verwaltung/tests/Feature/F4_S4_ZahlungseingangMarkierenTest.php:43:Parameter $activityId of class Yoga\Modules\Verwaltung\Application\Registration\RegisterParticipant\Request constructor expects string, Pest\PendingCalls\TestCall given. [identifier=argument.type]
/Users/gunnarbecker/VS_CODE/yoga_sabrina_becker/modules/Verwaltung/tests/Feature/F4_S4_ZahlungseingangMarkierenTest.php:49:Cannot access property $zahlungsstatus on Yoga\Modules\Verwaltung\Domain\Registration\Registration|null. [identifier=property.nonObject]
/Users/gunnarbecker/VS_CODE/yoga_sabrina_becker/modules/Verwaltung/tests/Feature/F4_S4_ZahlungseingangMarkierenTest.php:54:Cannot access property $id on Yoga\Modules\Verwaltung\Domain\Payment\Payment|null. [identifier=property.nonObject]
/Users/gunnarbecker/VS_CODE/yoga_sabrina_becker/modules/Verwaltung/tests/Feature/F4_S4_ZahlungseingangMarkierenTest.php:56:Cannot access property $status on Yoga\Modules\Verwaltung\Domain\Invoice\Invoice|null. [identifier=property.nonObject]
/Users/gunnarbecker/VS_CODE/yoga_sabrina_becker/modules/Verwaltung/tests/Feature/F4_S4_ZahlungseingangMarkierenTest.php:60:Cannot access property $id on Yoga\Modules\Verwaltung\Domain\Invoice\Invoice|null. [identifier=property.nonObject]
/Users/gunnarbecker/VS_CODE/yoga_sabrina_becker/modules/Verwaltung/tests/Feature/F4_S4_ZahlungseingangMarkierenTest.php:67:Cannot call method fresh() on Yoga\Modules\Verwaltung\Domain\Invoice\Invoice|null. [identifier=method.nonObject]
/Users/gunnarbecker/VS_CODE/yoga_sabrina_becker/modules/Verwaltung/tests/Feature/F4_S4_ZahlungseingangMarkierenTest.php:68:Cannot access property $status on Yoga\Modules\Verwaltung\Domain\Invoice\Invoice|null. [identifier=property.nonObject]
/Users/gunnarbecker/VS_CODE/yoga_sabrina_becker/modules/Verwaltung/tests/Feature/F4_S4_ZahlungseingangMarkierenTest.php:69:Cannot access property $geaendert_von on Yoga\Modules\Verwaltung\Domain\Invoice\Invoice|null. [identifier=property.nonObject]
/Users/gunnarbecker/VS_CODE/yoga_sabrina_becker/modules/Verwaltung/tests/Feature/F4_S4_ZahlungseingangMarkierenTest.php:71:Cannot call method fresh() on Yoga\Modules\Verwaltung\Domain\Payment\Payment|null. [identifier=method.nonObject]
/Users/gunnarbecker/VS_CODE/yoga_sabrina_becker/modules/Verwaltung/tests/Feature/F4_S4_ZahlungseingangMarkierenTest.php:72:Cannot access property $bezahlt_am on Yoga\Modules\Verwaltung\Domain\Payment\Payment|null. [identifier=property.nonObject]
/Users/gunnarbecker/VS_CODE/yoga_sabrina_becker/modules/Verwaltung/tests/Feature/F4_S4_ZahlungseingangMarkierenTest.php:74:Cannot call method fresh() on Yoga\Modules\Verwaltung\Domain\Registration\Registration|null. [identifier=method.nonObject]
/Users/gunnarbecker/VS_CODE/yoga_sabrina_becker/modules/Verwaltung/tests/Feature/F4_S4_ZahlungseingangMarkierenTest.php:75:Cannot access property $zahlungsstatus on Yoga\Modules\Verwaltung\Domain\Registration\Registration|null. [identifier=property.nonObject]
/Users/gunnarbecker/VS_CODE/yoga_sabrina_becker/modules/Verwaltung/tests/Feature/F4_S4_ZahlungseingangMarkierenTest.php:82:Parameter $activityId of class Yoga\Modules\Verwaltung\Application\Registration\RegisterParticipant\Request constructor expects string, Pest\PendingCalls\TestCall given. [identifier=argument.type]
/Users/gunnarbecker/VS_CODE/yoga_sabrina_becker/modules/Verwaltung/tests/Feature/F4_S4_ZahlungseingangMarkierenTest.php:88:Cannot access property $id on Yoga\Modules\Verwaltung\Domain\Payment\Payment|null. [identifier=property.nonObject]
/Users/gunnarbecker/VS_CODE/yoga_sabrina_becker/modules/Verwaltung/tests/Feature/F4_S4_ZahlungseingangMarkierenTest.php:91:Cannot access property $id on Yoga\Modules\Verwaltung\Domain\Invoice\Invoice|null. [identifier=property.nonObject]
/Users/gunnarbecker/VS_CODE/yoga_sabrina_becker/modules/Verwaltung/tests/Feature/F4_S4_ZahlungseingangMarkierenTest.php:92:Cannot access property $id on Yoga\Modules\Verwaltung\Domain\Invoice\Invoice|null. [identifier=property.nonObject]
/Users/gunnarbecker/VS_CODE/yoga_sabrina_becker/modules/Verwaltung/tests/Feature/F4_S4_ZahlungseingangMarkierenTest.php:97:Cannot call method fresh() on Yoga\Modules\Verwaltung\Domain\Invoice\Invoice|null. [identifier=method.nonObject]
/Users/gunnarbecker/VS_CODE/yoga_sabrina_becker/modules/Verwaltung/tests/Feature/F4_S4_ZahlungseingangMarkierenTest.php:98:Cannot access property $status on Yoga\Modules\Verwaltung\Domain\Invoice\Invoice|null. [identifier=property.nonObject]
/Users/gunnarbecker/VS_CODE/yoga_sabrina_becker/modules/Verwaltung/tests/Feature/F4_S4_ZahlungseingangMarkierenTest.php:100:Cannot call method fresh() on Yoga\Modules\Verwaltung\Domain\Payment\Payment|null. [identifier=method.nonObject]
/Users/gunnarbecker/VS_CODE/yoga_sabrina_becker/modules/Verwaltung/tests/Feature/F4_S4_ZahlungseingangMarkierenTest.php:101:Cannot access property $bezahlt_am on Yoga\Modules\Verwaltung\Domain\Payment\Payment|null. [identifier=property.nonObject]
/Users/gunnarbecker/VS_CODE/yoga_sabrina_becker/modules/Verwaltung/tests/Feature/F4_S4_ZahlungseingangMarkierenTest.php:104:Cannot access property $zahlungsstatus on Yoga\Modules\Verwaltung\Domain\Registration\Registration|null. [identifier=property.nonObject]
/Users/gunnarbecker/VS_CODE/yoga_sabrina_becker/modules/Verwaltung/tests/Feature/F4_S4_ZahlungseingangMarkierenTest.php:114:Offset 'code' might not exist on array{code: string, errors: list<string>}|null. [identifier=offsetAccess.notFound]
/Users/gunnarbecker/VS_CODE/yoga_sabrina_becker/modules/Verwaltung/tests/Feature/F5_S3_NachrichtErneutSendenTest.php:37:Cannot access property $status on Yoga\Modules\Verwaltung\Domain\OutboundMessage\OutboundMessage|null. [identifier=property.nonObject]
/Users/gunnarbecker/VS_CODE/yoga_sabrina_becker/modules/Verwaltung/tests/Feature/F5_S3_NachrichtErneutSendenTest.php:38:Cannot access property $empfaenger on Yoga\Modules\Verwaltung\Domain\OutboundMessage\OutboundMessage|null. [identifier=property.nonObject]
/Users/gunnarbecker/VS_CODE/yoga_sabrina_becker/modules/Verwaltung/tests/Feature/F5_S3_NachrichtErneutSendenTest.php:51:Offset 'code' might not exist on array{code: string, errors: list<string>}|null. [identifier=offsetAccess.notFound]
/Users/gunnarbecker/VS_CODE/yoga_sabrina_becker/modules/Verwaltung/tests/TestFactory.php:54:Offset 'code' might not exist on array{code: string, errors: list<string>}|null. [identifier=offsetAccess.notFound]
/Users/gunnarbecker/VS_CODE/yoga_sabrina_becker/modules/Webseite/tests/Feature/E1_F1_StartseiteNavigationTest.php:26:Parameter #2 $beginn of static method Yoga\Modules\Verwaltung\Tests\TestFactory::createSession() expects Carbon\Carbon, Pest\PendingCalls\TestCall given. [identifier=argument.type]
/Users/gunnarbecker/VS_CODE/yoga_sabrina_becker/modules/Webseite/tests/Feature/E1_F1_StartseiteNavigationTest.php:28:Call to an undefined method Pest\PendingCalls\TestCall::get(). [identifier=method.notFound]
/Users/gunnarbecker/VS_CODE/yoga_sabrina_becker/modules/Webseite/tests/Feature/E1_F1_StartseiteNavigationTest.php:29:Cannot call method assertOk() on mixed. [identifier=method.nonObject]
/Users/gunnarbecker/VS_CODE/yoga_sabrina_becker/modules/Webseite/tests/Feature/E1_F1_StartseiteNavigationTest.php:30:Cannot call method assertSeeText() on mixed. [identifier=method.nonObject]
/Users/gunnarbecker/VS_CODE/yoga_sabrina_becker/modules/Webseite/tests/Feature/E1_F1_StartseiteNavigationTest.php:31:Cannot call method assertSeeText() on mixed. [identifier=method.nonObject]
/Users/gunnarbecker/VS_CODE/yoga_sabrina_becker/modules/Webseite/tests/Feature/E1_F1_StartseiteNavigationTest.php:49:Call to an undefined method Pest\PendingCalls\TestCall::get(). [identifier=method.notFound]
/Users/gunnarbecker/VS_CODE/yoga_sabrina_becker/modules/Webseite/tests/Feature/E1_F1_StartseiteNavigationTest.php:50:Cannot call method assertOk() on mixed. [identifier=method.nonObject]
/Users/gunnarbecker/VS_CODE/yoga_sabrina_becker/modules/Webseite/tests/Feature/E1_F1_StartseiteNavigationTest.php:51:Cannot call method assertSeeText() on mixed. [identifier=method.nonObject]
/Users/gunnarbecker/VS_CODE/yoga_sabrina_becker/modules/Webseite/tests/Feature/E1_F1_StartseiteNavigationTest.php:52:Cannot call method assertDontSeeText() on mixed. [identifier=method.nonObject]
/Users/gunnarbecker/VS_CODE/yoga_sabrina_becker/modules/Webseite/tests/Feature/E1_F1_StartseiteNavigationTest.php:64:Call to an undefined method Pest\PendingCalls\TestCall::get(). [identifier=method.notFound]
/Users/gunnarbecker/VS_CODE/yoga_sabrina_becker/modules/Webseite/tests/Feature/E1_F1_StartseiteNavigationTest.php:65:Cannot call method assertOk() on mixed. [identifier=method.nonObject]
/Users/gunnarbecker/VS_CODE/yoga_sabrina_becker/modules/Webseite/tests/Feature/E1_F1_StartseiteNavigationTest.php:66:Cannot call method assertSeeText() on mixed. [identifier=method.nonObject]
/Users/gunnarbecker/VS_CODE/yoga_sabrina_becker/modules/Webseite/tests/Feature/E1_F1_StartseiteNavigationTest.php:67:Cannot call method assertSeeText() on mixed. [identifier=method.nonObject]
/Users/gunnarbecker/VS_CODE/yoga_sabrina_becker/modules/Webseite/tests/Feature/E1_F1_StartseiteNavigationTest.php:78:Call to an undefined method Pest\PendingCalls\TestCall::get(). [identifier=method.notFound]
/Users/gunnarbecker/VS_CODE/yoga_sabrina_becker/modules/Webseite/tests/Feature/E1_F1_StartseiteNavigationTest.php:79:Cannot call method assertNotFound() on mixed. [identifier=method.nonObject]
/Users/gunnarbecker/VS_CODE/yoga_sabrina_becker/modules/Webseite/tests/Feature/E1_F1_StartseiteNavigationTest.php:84:Parameter #2 $beginn of static method Yoga\Modules\Verwaltung\Tests\TestFactory::createSession() expects Carbon\Carbon, Pest\PendingCalls\TestCall given. [identifier=argument.type]
/Users/gunnarbecker/VS_CODE/yoga_sabrina_becker/modules/Webseite/tests/Feature/E1_F1_StartseiteNavigationTest.php:86:Call to an undefined method Pest\PendingCalls\TestCall::get(). [identifier=method.notFound]
/Users/gunnarbecker/VS_CODE/yoga_sabrina_becker/modules/Webseite/tests/Feature/E1_F1_StartseiteNavigationTest.php:87:Cannot call method assertOk() on mixed. [identifier=method.nonObject]
/Users/gunnarbecker/VS_CODE/yoga_sabrina_becker/modules/Webseite/tests/Feature/E1_F1_StartseiteNavigationTest.php:88:Cannot call method assertSeeText() on mixed. [identifier=method.nonObject]
/Users/gunnarbecker/VS_CODE/yoga_sabrina_becker/modules/Webseite/tests/Feature/E1_F1_StartseiteNavigationTest.php:89:Cannot call method assertSeeText() on mixed. [identifier=method.nonObject]
/Users/gunnarbecker/VS_CODE/yoga_sabrina_becker/modules/Webseite/tests/Feature/E1_F2_VeranstaltungsdarstellungTest.php:34:Property Yoga\Modules\Verwaltung\Domain\Activity\Activity::$typ (Yoga\Modules\Verwaltung\Domain\Activity\ActivityType) does not accept string. [identifier=assign.propertyType]
/Users/gunnarbecker/VS_CODE/yoga_sabrina_becker/modules/Webseite/tests/Feature/E1_F2_VeranstaltungsdarstellungTest.php:36:Parameter #2 $beginn of static method Yoga\Modules\Verwaltung\Tests\TestFactory::createSession() expects Carbon\Carbon, Pest\PendingCalls\TestCall given. [identifier=argument.type]
/Users/gunnarbecker/VS_CODE/yoga_sabrina_becker/modules/Webseite/tests/Feature/E1_F2_VeranstaltungsdarstellungTest.php:51:Parameter #2 $beginn of static method Yoga\Modules\Verwaltung\Tests\TestFactory::createSession() expects Carbon\Carbon, Pest\PendingCalls\TestCall given. [identifier=argument.type]
/Users/gunnarbecker/VS_CODE/yoga_sabrina_becker/modules/Webseite/tests/Feature/E1_F2_VeranstaltungsdarstellungTest.php:54:Parameter #2 $beginn of static method Yoga\Modules\Verwaltung\Tests\TestFactory::createSession() expects Carbon\Carbon, Pest\PendingCalls\TestCall given. [identifier=argument.type]
/Users/gunnarbecker/VS_CODE/yoga_sabrina_becker/modules/Webseite/tests/Feature/E1_F2_VeranstaltungsdarstellungTest.php:60:Access to an undefined property object::$slug. [identifier=property.notFound]
/Users/gunnarbecker/VS_CODE/yoga_sabrina_becker/modules/Webseite/tests/Feature/E1_F2_VeranstaltungsdarstellungTest.php:60:Unable to resolve the template type TValue in call to function expect [identifier=argument.templateType]
/Users/gunnarbecker/VS_CODE/yoga_sabrina_becker/modules/Webseite/tests/Feature/E1_F2_VeranstaltungsdarstellungTest.php:61:Access to an undefined property object::$naechster_termin. [identifier=property.notFound]
/Users/gunnarbecker/VS_CODE/yoga_sabrina_becker/modules/Webseite/tests/Feature/E1_F2_VeranstaltungsdarstellungTest.php:61:Unable to resolve the template type TValue in call to function expect [identifier=argument.templateType]
/Users/gunnarbecker/VS_CODE/yoga_sabrina_becker/modules/Webseite/tests/Feature/E1_F2_VeranstaltungsdarstellungTest.php:66:Property Yoga\Modules\Verwaltung\Domain\Activity\Activity::$typ (Yoga\Modules\Verwaltung\Domain\Activity\ActivityType) does not accept string. [identifier=assign.propertyType]
/Users/gunnarbecker/VS_CODE/yoga_sabrina_becker/modules/Webseite/tests/Feature/E1_F2_VeranstaltungsdarstellungTest.php:68:Parameter #2 $beginn of static method Yoga\Modules\Verwaltung\Tests\TestFactory::createSession() expects Carbon\Carbon, Pest\PendingCalls\TestCall given. [identifier=argument.type]
/Users/gunnarbecker/VS_CODE/yoga_sabrina_becker/modules/Webseite/tests/Feature/E1_F2_VeranstaltungsdarstellungTest.php:71:Property Yoga\Modules\Verwaltung\Domain\Activity\Activity::$typ (Yoga\Modules\Verwaltung\Domain\Activity\ActivityType) does not accept string. [identifier=assign.propertyType]
/Users/gunnarbecker/VS_CODE/yoga_sabrina_becker/modules/Webseite/tests/Feature/E1_F2_VeranstaltungsdarstellungTest.php:73:Parameter #2 $beginn of static method Yoga\Modules\Verwaltung\Tests\TestFactory::createSession() expects Carbon\Carbon, Pest\PendingCalls\TestCall given. [identifier=argument.type]
/Users/gunnarbecker/VS_CODE/yoga_sabrina_becker/modules/Webseite/tests/Feature/E1_F2_VeranstaltungsdarstellungTest.php:81:Access to an undefined property object::$typ. [identifier=property.notFound]
/Users/gunnarbecker/VS_CODE/yoga_sabrina_becker/modules/Webseite/tests/Feature/E1_F2_VeranstaltungsdarstellungTest.php:81:Unable to resolve the template type TValue in call to function expect [identifier=argument.templateType]
/Users/gunnarbecker/VS_CODE/yoga_sabrina_becker/modules/Webseite/tests/Feature/E1_F2_VeranstaltungsdarstellungTest.php:86:Parameter #2 $beginn of static method Yoga\Modules\Verwaltung\Tests\TestFactory::createSession() expects Carbon\Carbon, Pest\PendingCalls\TestCall given. [identifier=argument.type]
/Users/gunnarbecker/VS_CODE/yoga_sabrina_becker/modules/Webseite/tests/Feature/E1_F2_VeranstaltungsdarstellungTest.php:113:Access to an undefined property object::$ausgebucht. [identifier=property.notFound]
/Users/gunnarbecker/VS_CODE/yoga_sabrina_becker/modules/Webseite/tests/Feature/E1_F2_VeranstaltungsdarstellungTest.php:113:Unable to resolve the template type TValue in call to function expect [identifier=argument.templateType]
/Users/gunnarbecker/VS_CODE/yoga_sabrina_becker/modules/Webseite/tests/Feature/E1_F2_VeranstaltungsdarstellungTest.php:114:Access to an undefined property object::$warteliste_anzahl. [identifier=property.notFound]
/Users/gunnarbecker/VS_CODE/yoga_sabrina_becker/modules/Webseite/tests/Feature/E1_F2_VeranstaltungsdarstellungTest.php:114:Unable to resolve the template type TValue in call to function expect [identifier=argument.templateType]
/Users/gunnarbecker/VS_CODE/yoga_sabrina_becker/modules/Webseite/tests/Feature/E1_F2_VeranstaltungsdarstellungTest.php:115:Access to an undefined property object::$freie_plaetze. [identifier=property.notFound]
/Users/gunnarbecker/VS_CODE/yoga_sabrina_becker/modules/Webseite/tests/Feature/E1_F2_VeranstaltungsdarstellungTest.php:115:Unable to resolve the template type TValue in call to function expect [identifier=argument.templateType]
/Users/gunnarbecker/VS_CODE/yoga_sabrina_becker/modules/Webseite/tests/Feature/E1_F2_VeranstaltungsdarstellungTest.php:120:Parameter #2 $beginn of static method Yoga\Modules\Verwaltung\Tests\TestFactory::createSession() expects Carbon\Carbon, Pest\PendingCalls\TestCall given. [identifier=argument.type]
/Users/gunnarbecker/VS_CODE/yoga_sabrina_becker/modules/Webseite/tests/Feature/E1_F2_VeranstaltungsdarstellungTest.php:133:Parameter #1 $slug of method Yoga\Modules\Verwaltung\Application\Activity\PublicDetail\ActivityDetailQuery::execute() expects string, string|null given. [identifier=argument.type]
/Users/gunnarbecker/VS_CODE/yoga_sabrina_becker/modules/Webseite/tests/Feature/E1_F2_VeranstaltungsdarstellungTest.php:147:Parameter #2 $beginn of static method Yoga\Modules\Verwaltung\Tests\TestFactory::createSession() expects Carbon\Carbon, Pest\PendingCalls\TestCall given. [identifier=argument.type]
/Users/gunnarbecker/VS_CODE/yoga_sabrina_becker/modules/Webseite/tests/Feature/E1_F2_VeranstaltungsdarstellungTest.php:150:Parameter #1 $slug of method Yoga\Modules\Verwaltung\Application\Activity\PublicDetail\ActivityDetailQuery::execute() expects string, string|null given. [identifier=argument.type]
/Users/gunnarbecker/VS_CODE/yoga_sabrina_becker/modules/Webseite/tests/Feature/E1_F3_OnlineAnmeldungTest.php:65:Cannot access property $email on Yoga\Modules\Verwaltung\Domain\Participant\Participant|null. [identifier=property.nonObject]
/Users/gunnarbecker/VS_CODE/yoga_sabrina_becker/modules/Webseite/tests/Feature/E1_F3_OnlineAnmeldungTest.php:69:Parameter $activityId of class Yoga\Modules\Verwaltung\Application\Registration\RegisterParticipant\Request constructor expects string, Pest\PendingCalls\TestCall given. [identifier=argument.type]
/Users/gunnarbecker/VS_CODE/yoga_sabrina_becker/modules/Webseite/tests/Feature/E1_F3_OnlineAnmeldungTest.php:79:Cannot access property $status on Yoga\Modules\Verwaltung\Domain\Registration\Registration|null. [identifier=property.nonObject]
/Users/gunnarbecker/VS_CODE/yoga_sabrina_becker/modules/Webseite/tests/Feature/E1_F3_OnlineAnmeldungTest.php:84:Cannot access property $id on Yoga\Modules\Verwaltung\Domain\Payment\Payment|null. [identifier=property.nonObject]
/Users/gunnarbecker/VS_CODE/yoga_sabrina_becker/modules/Webseite/tests/Feature/E1_F3_OnlineAnmeldungTest.php:114:Cannot access property $vorname on Yoga\Modules\Verwaltung\Domain\Participant\Participant|null. [identifier=property.nonObject]
/Users/gunnarbecker/VS_CODE/yoga_sabrina_becker/modules/Webseite/tests/Feature/E1_F3_OnlineAnmeldungTest.php:124:Parameter $activityId of class Yoga\Modules\Verwaltung\Application\Registration\RegisterParticipant\Request constructor expects string, Pest\PendingCalls\TestCall given. [identifier=argument.type]
/Users/gunnarbecker/VS_CODE/yoga_sabrina_becker/modules/Webseite/tests/Feature/E1_F3_OnlineAnmeldungTest.php:129:Parameter $activityId of class Yoga\Modules\Verwaltung\Application\Registration\RegisterParticipant\Request constructor expects string, Pest\PendingCalls\TestCall given. [identifier=argument.type]
/Users/gunnarbecker/VS_CODE/yoga_sabrina_becker/modules/Webseite/tests/Feature/E1_F3_OnlineAnmeldungTest.php:134:Parameter $activityId of class Yoga\Modules\Verwaltung\Application\Registration\RegisterParticipant\Request constructor expects string, Pest\PendingCalls\TestCall given. [identifier=argument.type]
/Users/gunnarbecker/VS_CODE/yoga_sabrina_becker/modules/Webseite/tests/Feature/E1_F3_OnlineAnmeldungTest.php:143:Cannot access property $status on Yoga\Modules\Verwaltung\Domain\Registration\Registration|null. [identifier=property.nonObject]
/Users/gunnarbecker/VS_CODE/yoga_sabrina_becker/modules/Webseite/tests/Feature/E1_F3_OnlineAnmeldungTest.php:151:Property Yoga\Modules\Verwaltung\Domain\Activity\Activity::$preis (string) does not accept int. [identifier=assign.propertyType]
/Users/gunnarbecker/VS_CODE/yoga_sabrina_becker/modules/Webseite/tests/Feature/E1_F3_OnlineAnmeldungTest.php:174:Cannot access property $zahlungsstatus on Yoga\Modules\Verwaltung\Domain\Registration\Registration|null. [identifier=property.nonObject]
/Users/gunnarbecker/VS_CODE/yoga_sabrina_becker/modules/Webseite/tests/Feature/E1_F3_OnlineAnmeldungTest.php:181:Parameter $activityId of class Yoga\Modules\Verwaltung\Application\Registration\RegisterParticipant\Request constructor expects string, Pest\PendingCalls\TestCall given. [identifier=argument.type]
/Users/gunnarbecker/VS_CODE/yoga_sabrina_becker/modules/Webseite/tests/Feature/E1_F3_OnlineAnmeldungTest.php:186:Call to an undefined method Pest\Expectation<string|null>::toBeUuidString(). [identifier=method.notFound]
/Users/gunnarbecker/VS_CODE/yoga_sabrina_becker/modules/Webseite/tests/Feature/E1_F3_OnlineAnmeldungTest.php:189:Parameter #1 $invoiceId of class Yoga\Modules\Verwaltung\Application\Invoice\GenerateInvoicePdf\Request constructor expects string, string|null given. [identifier=argument.type]
/Users/gunnarbecker/VS_CODE/yoga_sabrina_becker/modules/Webseite/tests/Feature/E1_F3_OnlineAnmeldungTest.php:206:Parameter $activityId of class Yoga\Modules\Verwaltung\Application\Registration\RegisterParticipant\Request constructor expects string, Pest\PendingCalls\TestCall given. [identifier=argument.type]
/Users/gunnarbecker/VS_CODE/yoga_sabrina_becker/modules/Webseite/tests/Feature/E1_F3_OnlineAnmeldungTest.php:220:Cannot access property $status on Yoga\Modules\Verwaltung\Domain\OutboundMessage\OutboundMessage|null. [identifier=property.nonObject]
/Users/gunnarbecker/VS_CODE/yoga_sabrina_becker/modules/Webseite/tests/Feature/E1_F3_OnlineAnmeldungTest.php:221:Cannot access property $empfaenger on Yoga\Modules\Verwaltung\Domain\OutboundMessage\OutboundMessage|null. [identifier=property.nonObject]
/Users/gunnarbecker/VS_CODE/yoga_sabrina_becker/modules/Webseite/tests/Feature/E1_F3_OnlineAnmeldungTest.php:222:Cannot access property $betreff on Yoga\Modules\Verwaltung\Domain\OutboundMessage\OutboundMessage|null. [identifier=property.nonObject]
/Users/gunnarbecker/VS_CODE/yoga_sabrina_becker/modules/Webseite/tests/Feature/E1_F3_OnlineAnmeldungTest.php:223:Cannot access property $inhalt on Yoga\Modules\Verwaltung\Domain\OutboundMessage\OutboundMessage|null. [identifier=property.nonObject]
/Users/gunnarbecker/VS_CODE/yoga_sabrina_becker/modules/Webseite/tests/Feature/E1_F3_OnlineAnmeldungTest.php:224:Cannot access property $inhalt on Yoga\Modules\Verwaltung\Domain\OutboundMessage\OutboundMessage|null. [identifier=property.nonObject]
/Users/gunnarbecker/VS_CODE/yoga_sabrina_becker/modules/Webseite/tests/Feature/E1_F3_OnlineAnmeldungTest.php:237:Property Yoga\Modules\Verwaltung\Domain\Activity\Activity::$preis (string) does not accept int. [identifier=assign.propertyType]
/Users/gunnarbecker/VS_CODE/yoga_sabrina_becker/modules/Webseite/tests/Feature/E1_F3_OnlineAnmeldungTest.php:257:Cannot access property $status on Yoga\Modules\Verwaltung\Domain\OutboundMessage\OutboundMessage|null. [identifier=property.nonObject]
